
R version 4.2.2 (2022-10-31) -- "Innocent and Trusting"
Copyright (C) 2022 The R Foundation for Statistical Computing
Platform: aarch64-apple-darwin20 (64-bit)

R is free software and comes with ABSOLUTELY NO WARRANTY.
You are welcome to redistribute it under certain conditions.
Type 'license()' or 'licence()' for distribution details.

  Natural language support but running in an English locale

R is a collaborative project with many contributors.
Type 'contributors()' for more information and
'citation()' on how to cite R or R packages in publications.

Type 'demo()' for some demos, 'help()' for on-line help, or
'help.start()' for an HTML browser interface to help.
Type 'q()' to quit R.

[R.app GUI 1.79 (8160) aarch64-apple-darwin20]

[History restored from /Users/dc/.Rapp.history]

> qnorm(seq(0.01,0.;99,0.01))
Error: unexpected ';' in "qnorm(seq(0.01,0.;"
> qnorm(seq(0.01,0.99,0.01))
 [1] -2.32634787 -2.05374891 -1.88079361 -1.75068607 -1.64485363 -1.55477359 -1.47579103 -1.40507156 -1.34075503 -1.28155157 -1.22652812 -1.17498679 -1.12639113
[14] -1.08031934 -1.03643339 -0.99445788 -0.95416525 -0.91536509 -0.87789630 -0.84162123 -0.80642125 -0.77219321 -0.73884685 -0.70630256 -0.67448975 -0.64334541
[27] -0.61281299 -0.58284151 -0.55338472 -0.52440051 -0.49585035 -0.46769880 -0.43991317 -0.41246313 -0.38532047 -0.35845879 -0.33185335 -0.30548079 -0.27931903
[40] -0.25334710 -0.22754498 -0.20189348 -0.17637416 -0.15096922 -0.12566135 -0.10043372 -0.07526986 -0.05015358 -0.02506891  0.00000000  0.02506891  0.05015358
[53]  0.07526986  0.10043372  0.12566135  0.15096922  0.17637416  0.20189348  0.22754498  0.25334710  0.27931903  0.30548079  0.33185335  0.35845879  0.38532047
[66]  0.41246313  0.43991317  0.46769880  0.49585035  0.52440051  0.55338472  0.58284151  0.61281299  0.64334541  0.67448975  0.70630256  0.73884685  0.77219321
[79]  0.80642125  0.84162123  0.87789630  0.91536509  0.95416525  0.99445788  1.03643339  1.08031934  1.12639113  1.17498679  1.22652812  1.28155157  1.34075503
[92]  1.40507156  1.47579103  1.55477359  1.64485363  1.75068607  1.88079361  2.05374891  2.32634787
> qnorm(seq(0.01,0.99,0.01))
 [1] -2.32634787 -2.05374891 -1.88079361 -1.75068607 -1.64485363 -1.55477359 -1.47579103 -1.40507156 -1.34075503 -1.28155157 -1.22652812 -1.17498679 -1.12639113
[14] -1.08031934 -1.03643339 -0.99445788 -0.95416525 -0.91536509 -0.87789630 -0.84162123 -0.80642125 -0.77219321 -0.73884685 -0.70630256 -0.67448975 -0.64334541
[27] -0.61281299 -0.58284151 -0.55338472 -0.52440051 -0.49585035 -0.46769880 -0.43991317 -0.41246313 -0.38532047 -0.35845879 -0.33185335 -0.30548079 -0.27931903
[40] -0.25334710 -0.22754498 -0.20189348 -0.17637416 -0.15096922 -0.12566135 -0.10043372 -0.07526986 -0.05015358 -0.02506891  0.00000000  0.02506891  0.05015358
[53]  0.07526986  0.10043372  0.12566135  0.15096922  0.17637416  0.20189348  0.22754498  0.25334710  0.27931903  0.30548079  0.33185335  0.35845879  0.38532047
[66]  0.41246313  0.43991317  0.46769880  0.49585035  0.52440051  0.55338472  0.58284151  0.61281299  0.64334541  0.67448975  0.70630256  0.73884685  0.77219321
[79]  0.80642125  0.84162123  0.87789630  0.91536509  0.95416525  0.99445788  1.03643339  1.08031934  1.12639113  1.17498679  1.22652812  1.28155157  1.34075503
[92]  1.40507156  1.47579103  1.55477359  1.64485363  1.75068607  1.88079361  2.05374891  2.32634787
> quantile(rnorm(200),probs=seq(0.01,0.99,0.01)
+ )
         1%          2%          3%          4%          5%          6%          7%          8%          9%         10%         11%         12%         13% 
-2.14308878 -1.86607470 -1.83061797 -1.78558407 -1.73864676 -1.63804266 -1.60546640 -1.55598625 -1.54064234 -1.37905685 -1.31583124 -1.16059154 -1.12806244 
        14%         15%         16%         17%         18%         19%         20%         21%         22%         23%         24%         25%         26% 
-1.10620246 -1.05850812 -1.00129345 -0.98148438 -0.96383334 -0.94732269 -0.92669185 -0.90963224 -0.87337682 -0.84296502 -0.81220979 -0.76733798 -0.72862905 
        27%         28%         29%         30%         31%         32%         33%         34%         35%         36%         37%         38%         39% 
-0.66761536 -0.63186315 -0.61887337 -0.56239251 -0.51701791 -0.47104116 -0.43427164 -0.37964060 -0.34881556 -0.31166997 -0.28302964 -0.26650390 -0.25007174 
        40%         41%         42%         43%         44%         45%         46%         47%         48%         49%         50%         51%         52% 
-0.22582281 -0.21407726 -0.18797772 -0.13368232 -0.10268181 -0.09127259 -0.08274268 -0.05701279 -0.04033659 -0.02370713  0.02099507  0.03543432  0.05047621 
        53%         54%         55%         56%         57%         58%         59%         60%         61%         62%         63%         64%         65% 
 0.07115745  0.11289635  0.13599604  0.14427208  0.16018443  0.19671629  0.21789877  0.23064413  0.24714998  0.25510258  0.26924010  0.28556033  0.40343218 
        66%         67%         68%         69%         70%         71%         72%         73%         74%         75%         76%         77%         78% 
 0.42481866  0.44548757  0.47750815  0.53091930  0.54953170  0.58040801  0.60595376  0.64302708  0.65960193  0.70895715  0.72718961  0.76956684  0.78777000 
        79%         80%         81%         82%         83%         84%         85%         86%         87%         88%         89%         90%         91% 
 0.81110908  0.89426710  0.92668386  0.96149933  0.98559070  0.99579314  1.03283850  1.05196932  1.12604675  1.22001111  1.31265965  1.32692316  1.33291131 
        92%         93%         94%         95%         96%         97%         98%         99% 
 1.43580119  1.49199666  1.55473418  1.70286656  1.80528860  1.83838437  1.85149865  2.01543471 
> quantile(rnorm(20),probs=seq(0.1,0.9,0.1))
       10%        20%        30%        40%        50%        60%        70%        80%        90% 
-1.0031178 -0.8293861 -0.7227408 -0.5003904 -0.1086014  0.1898222  0.5487770  0.6831802  0.9495465 
> data=rnorm(10)
> data
 [1] -1.5135374  1.1032385 -0.4439844 -0.9598055  1.3418849 -1.3174465 -0.6826638  1.3917567 -0.9602305 -0.2765563
> quantile(data,probs=seq(0.1,0.9,.1))
       10%        20%        30%        40%        50%        60%        70%        80%        90% 
-1.3370555 -1.0316737 -0.9599330 -0.7935205 -0.5633241 -0.3770131  0.1373821  1.1509677  1.3468721 
> probs=seq(0.1,0.9,0.1)
> probs
[1] 0.1 0.2 0.3 0.4 0.5 0.6 0.7 0.8 0.9
> df<-c(12,3,4,56,78,18,46,78,100)
> quantile(fg)
Error in quantile(fg) : object 'fg' not found
> quantile(df)
  0%  25%  50%  75% 100% 
   3   12   46   78  100 
> df<-c(12,3,78,46,78,100)
> quantile(df)
   0%   25%   50%   75%  100% 
  3.0  20.5  62.0  78.0 100.0 
> 3,4,12,18,46,56,78,78,100
Error: unexpected ',' in "3,"
> df1<-c(1)
> quantild(df1)
Error in quantild(df1) : could not find function "quantild"
> quantile(df1)
  0%  25%  50%  75% 100% 
   1    1    1    1    1 
> df1<-c(1,2)
> quantile(df1)
  0%  25%  50%  75% 100% 
1.00 1.25 1.50 1.75 2.00 
> qqnorm(df1)
> df<-c(12,3,78,46,78,100)
> qqnorm(df)
> quantile(df1)
  0%  25%  50%  75% 100% 
1.00 1.25 1.50 1.75 2.00 
> rnorm(6)
[1]  0.41907741 -0.10240901 -0.42898701 -0.06056192 -1.27897849 -0.64975290
> r<-rnorm(6)
> sort(r)
[1] -1.23237527 -0.96717638 -0.39995451 -0.11795937 -0.08227026  0.65437970
> r<-rnorm(6)
> r<-rnorm(6)
> sort(r)
[1] -1.15474451 -0.92680790 -0.04937544  1.01491352  1.93403406  2.00130633
> df1
[1] 1 2
> df
[1]  12   3  78  46  78 100
> mean(df)
[1] 52.83333
> df
[1]  12   3  78  46  78 100
> sd(df)
[1] 39.21437
> 52.8-39.21
[1] 13.59
> 52.8/39.21
[1] 1.346595
> qqnorm(df)
> ppoints(4)
[1] 0.1470588 0.3823529 0.6176471 0.8529412
> df
[1]  12   3  78  46  78 100
> length(df)
[1] 6
> n<-length(df)
> x <- qnorm(ppoints(n))[order(order(df))]
> x
[1] -0.6433454 -1.2815516  0.2018935 -0.2018935  0.6433454  1.2815516
> plot(df,x)
> qnorm(5)
[1] NaN
Warning message:
In qnorm(5) : NaNs produced
> qnorm(df)
[1] NaN NaN NaN NaN NaN NaN
Warning message:
In qnorm(df) : NaNs produced
> ppoints(6)
[1] 0.10 0.26 0.42 0.58 0.74 0.90
> order(df)
[1] 2 1 4 3 5 6
> (df)
[1]  12   3  78  46  78 100
> order(order(df))
[1] 2 1 4 3 5 6
> [order(order(df))]
Error: unexpected '[' in "["
> 3,4,12,18,46,56,78,78,100
Error: unexpected ',' in "3,"
> 
> 
> ####################################
> # Data Professor                   #
> # http://youtube.com/dataprofessor #
> # http://github.com/dataprofessor  #
> ####################################
> 
> # Modified from Winston Chang, 
> # https://shiny.rstudio.com/gallery/shiny-theme-selector.html
> 
> # Concepts about Reactive programming used by Shiny, 
> # https://shiny.rstudio.com/articles/reactivity-overview.html
> 
> # Load R packages
> library(shiny)
Error in library(shiny) : there is no package called ‘shiny’
> library(shinythemes)
Error in library(shinythemes) : there is no package called ‘shinythemes’
> 
> 
>   # Define UI
>   ui <- fluidPage(theme = shinytheme("cerulean"),
+     navbarPage(
+       # theme = "cerulean",  # <--- To use a theme, uncomment this
+       "My first app",
+       tabPanel("Navbar 1",
+                sidebarPanel(
+                  tags$h3("Input:"),
+                  textInput("txt1", "Given Name:", ""),
+                  textInput("txt2", "Surname:", ""),
+                  
+                ), # sidebarPanel
+                mainPanel(
+                             h1("Header 1"),
+                             
+                             h4("Output 1"),
+                             verbatimTextOutput("txtout"),
+ 
+                ) # mainPanel
+                
+       ), # Navbar 1, tabPanel
+       tabPanel("Navbar 2", "This panel is intentionally left blank"),
+       tabPanel("Navbar 3", "This panel is intentionally left blank")
+   
+     ) # navbarPage
+   ) # fluidPage
Error in fluidPage(theme = shinytheme("cerulean"), navbarPage("My first app",  : 
  could not find function "fluidPage"
> 
>   
>   # Define server function  
>   server <- function(input, output) {
+     
+     output$txtout <- renderText({
+       paste( input$txt1, input$txt2, sep = " " )
+     })
+   } # server
>   
> 
>   # Create Shiny object
>   shinyApp(ui = ui, server = server)
Error in shinyApp(ui = ui, server = server) : 
  could not find function "shinyApp"
> package.install("shipy")
Error in package.install("shipy") : 
  could not find function "package.install"
> package.install("shiny")
Error in package.install("shiny") : 
  could not find function "package.install"
> packages.install("shiny")
Error in packages.install("shiny") : 
  could not find function "packages.install"
> library(shiny)
Error in library(shiny) : there is no package called ‘shiny’
> install.packages("shinu")
--- Please select a CRAN mirror for use in this session ---
Warning message:
package ‘shinu’ is not available for this version of R

A version of this package for your version of R might be available elsewhere,
see the ideas at
https://cran.r-project.org/doc/manuals/r-patched/R-admin.html#Installing-packages 
> y
Error: object 'y' not found
> install.packages("shiny")
also installing the dependencies ‘httpuv’, ‘xtable’, ‘fontawesome’, ‘sourcetools’, ‘later’, ‘promises’

trying URL 'https://cran.microsoft.com/bin/macosx/big-sur-arm64/contrib/4.2/httpuv_1.6.8.tgz'
Content type 'application/octet-stream' length 2736502 bytes (2.6 MB)
==================================================
downloaded 2.6 MB

trying URL 'https://cran.microsoft.com/bin/macosx/big-sur-arm64/contrib/4.2/xtable_1.8-4.tgz'
Content type 'application/octet-stream' length 701094 bytes (684 KB)
==================================================
downloaded 684 KB

trying URL 'https://cran.microsoft.com/bin/macosx/big-sur-arm64/contrib/4.2/fontawesome_0.5.0.tgz'
Content type 'application/octet-stream' length 1375052 bytes (1.3 MB)
==================================================
downloaded 1.3 MB

trying URL 'https://cran.microsoft.com/bin/macosx/big-sur-arm64/contrib/4.2/sourcetools_0.1.7-1.tgz'
Content type 'application/octet-stream' length 136052 bytes (132 KB)
==================================================
downloaded 132 KB

trying URL 'https://cran.microsoft.com/bin/macosx/big-sur-arm64/contrib/4.2/later_1.3.0.tgz'
Content type 'application/octet-stream' length 622131 bytes (607 KB)
==================================================
downloaded 607 KB

trying URL 'https://cran.microsoft.com/bin/macosx/big-sur-arm64/contrib/4.2/promises_1.2.0.1.tgz'
Content type 'application/octet-stream' length 1799480 bytes (1.7 MB)
==================================================
downloaded 1.7 MB

trying URL 'https://cran.microsoft.com/bin/macosx/big-sur-arm64/contrib/4.2/shiny_1.7.4.tgz'
Content type 'application/octet-stream' length 4258242 bytes (4.1 MB)
==================================================
downloaded 4.1 MB


The downloaded binary packages are in
	/var/folders/fq/80jq913s6551wcf2tpmpj3hh0000gn/T//RtmpemPFkR/downloaded_packages
> library(shiny)
> runExample("01_hello")

Listening on http://127.0.0.1:4343
